[63504:65256:1124/191130.749:WARNING:chrome_main_delegate.cc(745)] This is Chrome version 128.0.6613.138 (not a warning)
[63504:65256:1124/191131.013:WARNING:account_consistency_mode_manager.cc(77)] Desktop Identity Consistency cannot be enabled as no OAuth client ID and client secret have been configured.
[63504:50804:1124/191134.223:ERROR:cast_crl.cc(443)] CRL - Verification failed.
[64320:51700:1124/191134.497:WARNING:frame_impl.cc(430)] virtual CefFrameImpl::SendProcessMessage sent to detached frame 5-BD391ACD64C8BB9980BC86A20EC66AE2 will be ignored
[63504:65256:1124/191139.851:ERROR:extension_registrar.cc(549)] Failed to unregister service worker for extension fheoggkfdfchfphceeifdbepaooicaho
[63504:64924:1124/191140.026:ERROR:file_util.cc(142)] Moving extension from : C:\Users\brand\AppData\Local\Temp\scoped_dir63504_1923737591\CRX_INSTALL to : D:\TFS\Term 4\GraphicsProgramming\Assignment\VGP201-GraphicsProgramming\VGP201-GraphicsProgramming\Myfps\Saved\webcache_6613\Default\Extensions\Temp\scoped_dir63504_954514394\CRX_INSTALL failed.
[63504:65256:1124/191140.066:WARNING:load_error_reporter.cc(72)] Extension error: Could not move extension directory into profile.
[65092:47852:1124/191214.943:WARNING:angle_platform_impl.cc(49)] HLSLCompiler.cpp:250 (rx::HLSLCompiler::compileToBinary): 
C:\fakepath(103,1-6): warning X4000: use of potentially uninitialized variable (dyn_index_vec4_float4_int)

[65092:47852:1124/191215.021:WARNING:angle_platform_impl.cc(49)] HLSLCompiler.cpp:250 (rx::HLSLCompiler::compileToBinary): 
C:\fakepath(136,1): warning X4000: use of potentially uninitialized variable (f_i_int_int_int2)
C:\fakepath(138,1): warning X4000: use of potentially uninitialized variable (f_i_int_int_int2)
C:\fakepath(174,1): warning X4000: use of potentially uninitialized variable (f_u_int_int_int)

[65092:64400:1124/191215.400:WARNING:angle_platform_impl.cc(49)] HLSLCompiler.cpp:250 (rx::HLSLCompiler::compileToBinary): 
C:\fakepath(166,1): warning X4000: use of potentially uninitialized variable (f_renderMipMapLevel_int)

[65092:29404:1124/191215.420:WARNING:angle_platform_impl.cc(49)] HLSLCompiler.cpp:250 (rx::HLSLCompiler::compileToBinary): 
C:\fakepath(166,1): warning X4000: use of potentially uninitialized variable (f_renderMipMapLevel_int)

[65092:58124:1124/191215.432:WARNING:angle_platform_impl.cc(49)] HLSLCompiler.cpp:250 (rx::HLSLCompiler::compileToBinary): 
C:\fakepath(166,1): warning X4000: use of potentially uninitialized variable (f_renderMipMapLevel_int)

[65092:46636:1124/191215.525:WARNING:angle_platform_impl.cc(49)] HLSLCompiler.cpp:250 (rx::HLSLCompiler::compileToBinary): 
C:\fakepath(382,11-39): warning X4008: floating point division by zero
C:\fakepath(382,11-39): warning X4008: floating point division by zero

[63504:65256:1124/195351.740:WARNING:pref_notifier_impl.cc(41)] Pref observer for media_router.cast_allow_all_ips found at shutdown.
